// Jest Snapshot v1, https://goo.gl/fbAQLP

exports[`<Message.Group> retains snapshot 1`] = `
<div
  className="ui comments"
/>
`;
