// Jest Snapshot v1, https://goo.gl/fbAQLP

exports[`<a> component retains snapshot 1`] = `
<a
  href="http://www.facebook.com"
>
  Facebook
</a>
`;
